Obtaining file:///home/morrty00/PROJECTS/nazli-EC
  Installing build dependencies: started
  Installing build dependencies: finished with status 'done'
  Checking if build backend supports build_editable: started
  Checking if build backend supports build_editable: finished with status 'done'
  Getting requirements to build editable: started
  Getting requirements to build editable: finished with status 'done'
  Installing backend dependencies: started
  Installing backend dependencies: finished with status 'done'
  Preparing editable metadata (pyproject.toml): started
  Preparing editable metadata (pyproject.toml): finished with status 'done'
Collecting fastapi>=0.111.0 (from ec-extractor==2.0.0)
  Using cached fastapi-0.136.1-py3-none-any.whl.metadata (28 kB)
Collecting httpx>=0.27.0 (from ec-extractor==2.0.0)
  Using cached httpx-0.28.1-py3-none-any.whl.metadata (7.1 kB)
Collecting numpy>=1.26.0 (from ec-extractor==2.0.0)
  Using cached numpy-2.4.4-cp312-cp312-manylinux_2_27_x86_64.manylinux_2_28_x86_64.whl.metadata (6.6 kB)
Collecting opencv-python-headless>=4.9.0 (from ec-extractor==2.0.0)
  Using cached opencv_python_headless-4.13.0.92-cp37-abi3-manylinux_2_28_x86_64.whl.metadata (19 kB)
Collecting pillow>=10.0.0 (from ec-extractor==2.0.0)
  Using cached pillow-12.2.0-cp312-cp312-manylinux_2_27_x86_64.manylinux_2_28_x86_64.whl.metadata (8.8 kB)
Collecting pymupdf>=1.24.0 (from ec-extractor==2.0.0)
  Using cached pymupdf-1.27.2.3-cp310-abi3-manylinux_2_28_x86_64.whl.metadata (24 kB)
Collecting pytesseract>=0.3.10 (from ec-extractor==2.0.0)
  Using cached pytesseract-0.3.13-py3-none-any.whl.metadata (11 kB)
Collecting python-multipart>=0.0.9 (from ec-extractor==2.0.0)
  Using cached python_multipart-0.0.27-py3-none-any.whl.metadata (2.1 kB)
Collecting uvicorn>=0.30.0 (from uvicorn[standard]>=0.30.0->ec-extractor==2.0.0)
  Using cached uvicorn-0.46.0-py3-none-any.whl.metadata (6.7 kB)
Collecting starlette>=0.46.0 (from fastapi>=0.111.0->ec-extractor==2.0.0)
  Using cached starlette-1.0.0-py3-none-any.whl.metadata (6.3 kB)
Collecting pydantic>=2.9.0 (from fastapi>=0.111.0->ec-extractor==2.0.0)
  Using cached pydantic-2.13.3-py3-none-any.whl.metadata (108 kB)
Collecting typing-extensions>=4.8.0 (from fastapi>=0.111.0->ec-extractor==2.0.0)
  Using cached typing_extensions-4.15.0-py3-none-any.whl.metadata (3.3 kB)
Collecting typing-inspection>=0.4.2 (from fastapi>=0.111.0->ec-extractor==2.0.0)
  Using cached typing_inspection-0.4.2-py3-none-any.whl.metadata (2.6 kB)
Collecting annotated-doc>=0.0.2 (from fastapi>=0.111.0->ec-extractor==2.0.0)
  Using cached annotated_doc-0.0.4-py3-none-any.whl.metadata (6.6 kB)
Collecting anyio (from httpx>=0.27.0->ec-extractor==2.0.0)
  Using cached anyio-4.13.0-py3-none-any.whl.metadata (4.5 kB)
Collecting certifi (from httpx>=0.27.0->ec-extractor==2.0.0)
  Using cached certifi-2026.4.22-py3-none-any.whl.metadata (2.5 kB)
Collecting httpcore==1.* (from httpx>=0.27.0->ec-extractor==2.0.0)
  Using cached httpcore-1.0.9-py3-none-any.whl.metadata (21 kB)
Collecting idna (from httpx>=0.27.0->ec-extractor==2.0.0)
  Using cached idna-3.13-py3-none-any.whl.metadata (8.0 kB)
Collecting h11>=0.16 (from httpcore==1.*->httpx>=0.27.0->ec-extractor==2.0.0)
  Using cached h11-0.16.0-py3-none-any.whl.metadata (8.3 kB)
Collecting packaging>=21.3 (from pytesseract>=0.3.10->ec-extractor==2.0.0)
  Using cached packaging-26.2-py3-none-any.whl.metadata (3.5 kB)
Collecting click>=7.0 (from uvicorn>=0.30.0->uvicorn[standard]>=0.30.0->ec-extractor==2.0.0)
  Using cached click-8.3.3-py3-none-any.whl.metadata (2.6 kB)
Collecting httptools>=0.6.3 (from uvicorn[standard]>=0.30.0->ec-extractor==2.0.0)
  Using cached httptools-0.7.1-cp312-cp312-manylinux1_x86_64.manylinux_2_28_x86_64.manylinux_2_5_x86_64.whl.metadata (3.5 kB)
Collecting python-dotenv>=0.13 (from uvicorn[standard]>=0.30.0->ec-extractor==2.0.0)
  Using cached python_dotenv-1.2.2-py3-none-any.whl.metadata (27 kB)
Collecting pyyaml>=5.1 (from uvicorn[standard]>=0.30.0->ec-extractor==2.0.0)
  Using cached pyyaml-6.0.3-cp312-cp312-manylinux2014_x86_64.manylinux_2_17_x86_64.manylinux_2_28_x86_64.whl.metadata (2.4 kB)
Collecting uvloop>=0.15.1 (from uvicorn[standard]>=0.30.0->ec-extractor==2.0.0)
  Using cached uvloop-0.22.1-cp312-cp312-manylinux2014_x86_64.manylinux_2_17_x86_64.manylinux_2_28_x86_64.whl.metadata (4.9 kB)
Collecting watchfiles>=0.20 (from uvicorn[standard]>=0.30.0->ec-extractor==2.0.0)
  Using cached watchfiles-1.1.1-cp312-cp312-manylinux_2_17_x86_64.manylinux2014_x86_64.whl.metadata (4.9 kB)
Collecting websockets>=10.4 (from uvicorn[standard]>=0.30.0->ec-extractor==2.0.0)
  Using cached websockets-16.0-cp312-cp312-manylinux1_x86_64.manylinux_2_28_x86_64.manylinux_2_5_x86_64.whl.metadata (6.8 kB)
Collecting annotated-types>=0.6.0 (from pydantic>=2.9.0->fastapi>=0.111.0->ec-extractor==2.0.0)
  Using cached annotated_types-0.7.0-py3-none-any.whl.metadata (15 kB)
Collecting pydantic-core==2.46.3 (from pydantic>=2.9.0->fastapi>=0.111.0->ec-extractor==2.0.0)
  Using cached pydantic_core-2.46.3-cp312-cp312-manylinux_2_17_x86_64.manylinux2014_x86_64.whl.metadata (6.6 kB)
Using cached fastapi-0.136.1-py3-none-any.whl (117 kB)
Using cached httpx-0.28.1-py3-none-any.whl (73 kB)
Using cached httpcore-1.0.9-py3-none-any.whl (78 kB)
Using cached numpy-2.4.4-cp312-cp312-manylinux_2_27_x86_64.manylinux_2_28_x86_64.whl (16.6 MB)
Using cached opencv_python_headless-4.13.0.92-cp37-abi3-manylinux_2_28_x86_64.whl (60.4 MB)
Using cached pillow-12.2.0-cp312-cp312-manylinux_2_27_x86_64.manylinux_2_28_x86_64.whl (7.1 MB)
Using cached pymupdf-1.27.2.3-cp310-abi3-manylinux_2_28_x86_64.whl (25.0 MB)
Using cached pytesseract-0.3.13-py3-none-any.whl (14 kB)
Using cached python_multipart-0.0.27-py3-none-any.whl (29 kB)
Using cached uvicorn-0.46.0-py3-none-any.whl (70 kB)
Using cached annotated_doc-0.0.4-py3-none-any.whl (5.3 kB)
Using cached click-8.3.3-py3-none-any.whl (110 kB)
Using cached h11-0.16.0-py3-none-any.whl (37 kB)
Using cached httptools-0.7.1-cp312-cp312-manylinux1_x86_64.manylinux_2_28_x86_64.manylinux_2_5_x86_64.whl (517 kB)
Using cached packaging-26.2-py3-none-any.whl (100 kB)
Using cached pydantic-2.13.3-py3-none-any.whl (471 kB)
Using cached pydantic_core-2.46.3-cp312-cp312-manylinux_2_17_x86_64.manylinux2014_x86_64.whl (2.1 MB)
Using cached python_dotenv-1.2.2-py3-none-any.whl (22 kB)
Using cached pyyaml-6.0.3-cp312-cp312-manylinux2014_x86_64.manylinux_2_17_x86_64.manylinux_2_28_x86_64.whl (807 kB)
Using cached starlette-1.0.0-py3-none-any.whl (72 kB)
Using cached anyio-4.13.0-py3-none-any.whl (114 kB)
Using cached idna-3.13-py3-none-any.whl (68 kB)
Using cached typing_extensions-4.15.0-py3-none-any.whl (44 kB)
Using cached typing_inspection-0.4.2-py3-none-any.whl (14 kB)
Using cached uvloop-0.22.1-cp312-cp312-manylinux2014_x86_64.manylinux_2_17_x86_64.manylinux_2_28_x86_64.whl (4.4 MB)
Using cached watchfiles-1.1.1-cp312-cp312-manylinux_2_17_x86_64.manylinux2014_x86_64.whl (456 kB)
Using cached websockets-16.0-cp312-cp312-manylinux1_x86_64.manylinux_2_28_x86_64.manylinux_2_5_x86_64.whl (184 kB)
Using cached certifi-2026.4.22-py3-none-any.whl (135 kB)
Using cached annotated_types-0.7.0-py3-none-any.whl (13 kB)
Building wheels for collected packages: ec-extractor
  Building editable for ec-extractor (pyproject.toml): started
  Building editable for ec-extractor (pyproject.toml): finished with status 'done'
  Created wheel for ec-extractor: filename=ec_extractor-2.0.0-py3-none-any.whl size=1225 sha256=9aedcee8a991e13d27f5fb1a3aa0f51f98b416bcf1c6124ebf64db7f3c58c2c1
  Stored in directory: /tmp/pip-ephem-wheel-cache-em224ebq/wheels/89/d4/27/e2f9a82cf6c0424493f815f3260060ae064d83274efd7ded97
Successfully built ec-extractor
Installing collected packages: websockets, uvloop, typing-extensions, pyyaml, python-multipart, python-dotenv, pymupdf, pillow, packaging, numpy, idna, httptools, h11, click, certifi, annotated-types, annotated-doc, uvicorn, typing-inspection, pytesseract, pydantic-core, opencv-python-headless, httpcore, anyio, watchfiles, starlette, pydantic, httpx, fastapi, ec-extractor
Successfully installed annotated-doc-0.0.4 annotated-types-0.7.0 anyio-4.13.0 certifi-2026.4.22 click-8.3.3 ec-extractor-2.0.0 fastapi-0.136.1 h11-0.16.0 httpcore-1.0.9 httptools-0.7.1 httpx-0.28.1 idna-3.13 numpy-2.4.4 opencv-python-headless-4.13.0.92 packaging-26.2 pillow-12.2.0 pydantic-2.13.3 pydantic-core-2.46.3 pymupdf-1.27.2.3 pytesseract-0.3.13 python-dotenv-1.2.2 python-multipart-0.0.27 pyyaml-6.0.3 starlette-1.0.0 typing-extensions-4.15.0 typing-inspection-0.4.2 uvicorn-0.46.0 uvloop-0.22.1 watchfiles-1.1.1 websockets-16.0
