INFO:     Started server process [605752]
INFO:     Waiting for application startup.
INFO:     Application startup complete.
INFO:     Uvicorn running on http://0.0.0.0:8080 (Press CTRL+C to quit)
2026-05-06 16:40:22,425 [INFO] src.extractor — Extracting 51 pages from ec_a242128d-45af-4036-92c1-544d498510aa.pdf
2026-05-06 16:40:26,301 [INFO] src.extractor — p1 → chassis=NKE165-7242932  issue=2026-04-09  expiry=2026-08-06  warn=[]  (3871 ms)
2026-05-06 16:40:29,822 [INFO] src.extractor — p2 → chassis=NKE165-7242180  issue=2026-04-09  expiry=2026-08-08  warn=[]  (3515 ms)
2026-05-06 16:40:33,274 [INFO] src.extractor — p3 → chassis=NRE161-0107172  issue=2026-04-09  expiry=2026-08-06  warn=[]  (3445 ms)
2026-05-06 16:40:37,843 [INFO] src.extractor — p4 → chassis=None  issue=None  expiry=None  warn=['PARSE_FAIL_CHASSIS', 'PARSE_FAIL_ISSUE_DATE', 'PARSE_FAIL_EXPIRY_DATE']  (4565 ms)
2026-05-06 16:40:41,049 [INFO] src.extractor — p5 → chassis=KE165-7242665  issue=None  expiry=2026-08-09  warn=['PARSE_FAIL_ISSUE_DATE']  (3201 ms)
2026-05-06 16:40:43,999 [INFO] src.extractor — p6 → chassis=AXAH54-4027082  issue=2026-04-09  expiry=2026-08-06  warn=[]  (2945 ms)
2026-05-06 16:40:50,000 [INFO] src.extractor — p7 → chassis=None  issue=None  expiry=None  warn=['PARSE_FAIL_CHASSIS', 'PARSE_FAIL_ISSUE_DATE', 'PARSE_FAIL_EXPIRY_DATE']  (5996 ms)
2026-05-06 16:40:55,081 [INFO] src.extractor — p8 → chassis=None  issue=None  expiry=None  warn=['PARSE_FAIL_CHASSIS', 'PARSE_FAIL_ISSUE_DATE', 'PARSE_FAIL_EXPIRY_DATE']  (5076 ms)
2026-05-06 16:41:01,097 [INFO] src.extractor — p9 → chassis=None  issue=None  expiry=None  warn=['PARSE_FAIL_CHASSIS', 'PARSE_FAIL_ISSUE_DATE', 'PARSE_FAIL_EXPIRY_DATE']  (6010 ms)
2026-05-06 16:41:04,558 [INFO] src.extractor — p10 → chassis=ZVG11-1066368  issue=None  expiry=2026-08-09  warn=['PARSE_FAIL_ISSUE_DATE']  (3456 ms)
2026-05-06 16:41:08,393 [INFO] src.extractor — p11 → chassis=ZVG13-1003855  issue=None  expiry=2026-08-08  warn=['PARSE_FAIL_ISSUE_DATE']  (3830 ms)
2026-05-06 16:41:12,192 [INFO] src.extractor — p12 → chassis=NKE165-7242832  issue=2026-04-01  expiry=2026-01-02  warn=['DATE_INCONSISTENT']  (3793 ms)
2026-05-06 16:41:15,952 [INFO] src.extractor — p13 → chassis=None  issue=None  expiry=2026-08-10  warn=['PARSE_FAIL_CHASSIS', 'PARSE_FAIL_ISSUE_DATE']  (3756 ms)
2026-05-06 16:41:19,444 [INFO] src.extractor — p14 → chassis=KE165-7242859  issue=None  expiry=2026-08-10  warn=['PARSE_FAIL_ISSUE_DATE']  (3486 ms)
2026-05-06 16:41:22,967 [INFO] src.extractor — p15 → chassis=None  issue=2026-04-01  expiry=2026-08-01  warn=['PARSE_FAIL_CHASSIS']  (3517 ms)
2026-05-06 16:41:26,569 [INFO] src.extractor — p16 → chassis=NKE165-7251052  issue=2026-04-09  expiry=None  warn=['PARSE_FAIL_EXPIRY_DATE']  (3597 ms)
2026-05-06 16:41:30,151 [INFO] src.extractor — p17 → chassis=NKEI165-7252168  issue=2026-04-09  expiry=2026-08-09  warn=[]  (3573 ms)
2026-05-06 16:41:33,891 [INFO] src.extractor — p18 → chassis=EL65-7242809  issue=2026-04-01  expiry=2026-08-10  warn=[]  (3735 ms)
2026-05-06 16:41:37,764 [INFO] src.extractor — p19 → chassis=ZWR8000-0483838  issue=2024-01-02  expiry=None  warn=['PARSE_FAIL_EXPIRY_DATE']  (3869 ms)
2026-05-06 16:41:41,277 [INFO] src.extractor — p20 → chassis=None  issue=2026-04-01  expiry=None  warn=['PARSE_FAIL_CHASSIS', 'PARSE_FAIL_EXPIRY_DATE']  (3508 ms)
2026-05-06 16:41:44,657 [INFO] src.extractor — p21 → chassis=NKE165-7242956  issue=2026-04-01  expiry=2026-08-10  warn=[]  (3379 ms)
2026-05-06 16:41:48,512 [INFO] src.extractor — p22 → chassis=NKE165-7242958  issue=2026-04-01  expiry=2026-08-10  warn=[]  (3855 ms)
2026-05-06 16:41:53,012 [INFO] src.extractor — p23 → chassis=NRE161-0095831  issue=2026-04-01  expiry=2026-07-08  warn=[]  (4494 ms)
2026-05-06 16:41:57,296 [INFO] src.extractor — p24 → chassis=None  issue=2026-04-01  expiry=2026-08-10  warn=['PARSE_FAIL_CHASSIS']  (4279 ms)
2026-05-06 16:42:00,786 [INFO] src.extractor — p25 → chassis=None  issue=2026-04-01  expiry=2026-08-10  warn=['PARSE_FAIL_CHASSIS']  (3485 ms)
2026-05-06 16:42:04,367 [INFO] src.extractor — p26 → chassis=None  issue=None  expiry=None  warn=['PARSE_FAIL_CHASSIS', 'PARSE_FAIL_ISSUE_DATE', 'PARSE_FAIL_EXPIRY_DATE']  (3580 ms)
2026-05-06 16:42:09,850 [INFO] src.extractor — p27 → chassis=None  issue=None  expiry=None  warn=['PARSE_FAIL_CHASSIS', 'PARSE_FAIL_ISSUE_DATE', 'PARSE_FAIL_EXPIRY_DATE']  (5479 ms)
2026-05-06 16:42:15,241 [INFO] src.extractor — p28 → chassis=None  issue=None  expiry=None  warn=['PARSE_FAIL_CHASSIS', 'PARSE_FAIL_ISSUE_DATE', 'PARSE_FAIL_EXPIRY_DATE']  (5385 ms)
2026-05-06 16:42:20,448 [INFO] src.extractor — p29 → chassis=None  issue=None  expiry=None  warn=['PARSE_FAIL_CHASSIS', 'PARSE_FAIL_ISSUE_DATE', 'PARSE_FAIL_EXPIRY_DATE']  (5207 ms)
2026-05-06 16:42:24,083 [INFO] src.extractor — p30 → chassis=None  issue=2026-03-02  expiry=None  warn=['PARSE_FAIL_CHASSIS', 'PARSE_FAIL_EXPIRY_DATE']  (3634 ms)
2026-05-06 16:42:28,175 [INFO] src.extractor — p31 → chassis=None  issue=2026-04-14  expiry=2026-08-13  warn=['PARSE_FAIL_CHASSIS']  (4092 ms)
2026-05-06 16:42:31,657 [INFO] src.extractor — p32 → chassis=TRH200-5049788  issue=None  expiry=2026-08-13  warn=['PARSE_FAIL_ISSUE_DATE']  (3482 ms)
2026-05-06 16:42:35,846 [INFO] src.extractor — p33 → chassis=ZVG18-1033624  issue=None  expiry=None  warn=['PARSE_FAIL_ISSUE_DATE', 'PARSE_FAIL_EXPIRY_DATE']  (4189 ms)
2026-05-06 16:42:39,284 [INFO] src.extractor — p34 → chassis=TRH200-0838366  issue=2026-04-02  expiry=None  warn=['PARSE_FAIL_EXPIRY_DATE']  (3438 ms)
2026-05-06 16:42:42,527 [INFO] src.extractor — p35 → chassis=NRE161-0095860  issue=2026-04-02  expiry=2026-08-06  warn=[]  (3243 ms)
2026-05-06 16:42:48,586 [INFO] src.extractor — p36 → chassis=None  issue=None  expiry=None  warn=['PARSE_FAIL_CHASSIS', 'PARSE_FAIL_ISSUE_DATE', 'PARSE_FAIL_EXPIRY_DATE']  (6059 ms)
2026-05-06 16:42:53,318 [INFO] src.extractor — p37 → chassis=None  issue=None  expiry=None  warn=['PARSE_FAIL_CHASSIS', 'PARSE_FAIL_ISSUE_DATE', 'PARSE_FAIL_EXPIRY_DATE']  (4731 ms)
2026-05-06 16:42:56,586 [INFO] src.extractor — p38 → chassis=NREL661-0095402  issue=2026-04-01  expiry=None  warn=['PARSE_FAIL_EXPIRY_DATE']  (3263 ms)
2026-05-06 16:43:00,018 [INFO] src.extractor — p39 → chassis=AXUH80-0032372  issue=2026-04-01  expiry=None  warn=['PARSE_FAIL_EXPIRY_DATE']  (3427 ms)
2026-05-06 16:43:05,420 [INFO] src.extractor — p40 → chassis=None  issue=None  expiry=None  warn=['PARSE_FAIL_CHASSIS', 'PARSE_FAIL_ISSUE_DATE', 'PARSE_FAIL_EXPIRY_DATE']  (5397 ms)
2026-05-06 16:43:09,103 [INFO] src.extractor — p41 → chassis=None  issue=None  expiry=2026-08-07  warn=['PARSE_FAIL_CHASSIS', 'PARSE_FAIL_ISSUE_DATE']  (3677 ms)
2026-05-06 16:43:12,383 [INFO] src.extractor — p42 → chassis=MXKAAS52-4006183  issue=2026-04-01  expiry=None  warn=['PARSE_FAIL_EXPIRY_DATE']  (3274 ms)
2026-05-06 16:43:17,212 [INFO] src.extractor — p43 → chassis=None  issue=None  expiry=None  warn=['PARSE_FAIL_CHASSIS', 'PARSE_FAIL_ISSUE_DATE', 'PARSE_FAIL_EXPIRY_DATE']  (4829 ms)
2026-05-06 16:43:25,478 [INFO] src.extractor — p44 → chassis=MXPJ10-2041615  issue=2026-04-02  expiry=None  warn=['PARSE_FAIL_EXPIRY_DATE']  (8266 ms)
2026-05-06 16:43:30,514 [INFO] src.extractor — p45 → chassis=None  issue=None  expiry=None  warn=['PARSE_FAIL_CHASSIS', 'PARSE_FAIL_ISSUE_DATE', 'PARSE_FAIL_EXPIRY_DATE']  (5035 ms)
2026-05-06 16:43:33,883 [INFO] src.extractor — p46 → chassis=None  issue=2026-04-02  expiry=2026-08-20  warn=['PARSE_FAIL_CHASSIS']  (3369 ms)
2026-05-06 16:43:40,302 [INFO] src.extractor — p47 → chassis=None  issue=2024-02-18  expiry=None  warn=['PARSE_FAIL_CHASSIS', 'PARSE_FAIL_EXPIRY_DATE']  (6419 ms)
2026-05-06 16:43:43,554 [INFO] src.extractor — p48 → chassis=None  issue=None  expiry=None  warn=['PARSE_FAIL_CHASSIS', 'PARSE_FAIL_ISSUE_DATE', 'PARSE_FAIL_EXPIRY_DATE']  (3252 ms)
2026-05-06 16:43:48,389 [INFO] src.extractor — p49 → chassis=None  issue=None  expiry=None  warn=['PARSE_FAIL_CHASSIS', 'PARSE_FAIL_ISSUE_DATE', 'PARSE_FAIL_EXPIRY_DATE']  (4829 ms)
2026-05-06 16:43:52,799 [INFO] src.extractor — p50 → chassis=None  issue=None  expiry=None  warn=['PARSE_FAIL_CHASSIS', 'PARSE_FAIL_ISSUE_DATE', 'PARSE_FAIL_EXPIRY_DATE']  (4410 ms)
2026-05-06 16:43:56,702 [INFO] src.extractor — p51 → chassis=MXPJ10-2026004  issue=2024-06-01  expiry=2026-08-16  warn=[]  (3903 ms)
INFO:     127.0.0.1:42128 - "POST /v1/extract HTTP/1.1" 200 OK
INFO:     127.0.0.1:48266 - "GET /static/debug/crop_issue.png?t=1778067836710 HTTP/1.1" 404 Not Found
INFO:     127.0.0.1:48262 - "GET /static/debug/crop_chassis.png?t=1778067836710 HTTP/1.1" 404 Not Found
INFO:     127.0.0.1:48276 - "GET /static/debug/crop_expiry.png?t=1778067836710 HTTP/1.1" 404 Not Found
